// Jest Snapshot v1, https://goo.gl/fbAQLP

exports[`SyntaxHighlighter renders jsx highlighted text 1`] = `
<pre
  style={
    {
      "MozHyphens": "none",
      "MozTabSize": "4",
      "OTabSize": "4",
      "WebkitHyphens": "none",
      "background": "#f5f2f0",
      "color": "black",
      "fontFamily": "Consolas, Monaco, 'Andale Mono', 'Ubuntu Mono', monospace",
      "fontSize": "1em",
      "hyphens": "none",
      "lineHeight": "1.5",
      "margin": ".5em 0",
      "msHyphens": "none",
      "overflow": "auto",
      "padding": "1em",
      "tabSize": "4",
      "textAlign": "left",
      "textShadow": "0 1px white",
      "whiteSpace": "pre",
      "wordBreak": "normal",
      "wordSpacing": "normal",
      "wordWrap": "normal",
    }
  }
>
  <code
    className="language-jsx"
    style={
      {
        "MozHyphens": "none",
        "MozTabSize": "4",
        "OTabSize": "4",
        "WebkitHyphens": "none",
        "background": "none",
        "color": "black",
        "fontFamily": "Consolas, Monaco, 'Andale Mono', 'Ubuntu Mono', monospace",
        "fontSize": "1em",
        "hyphens": "none",
        "lineHeight": "1.5",
        "msHyphens": "none",
        "tabSize": "4",
        "textAlign": "left",
        "textShadow": "0 1px white",
        "whiteSpace": "pre",
        "wordBreak": "normal",
        "wordSpacing": "normal",
        "wordWrap": "normal",
      }
    }
  >
    import React from "react";
import uniquePropHOC from "./lib/unique-prop-hoc";

class Expire extends React.Component {
    constructor(props) {
        super(props);
        this.state = { component: props.children }
    }
    componentDidMount() {
        setTimeout(() =&gt; {
            this.setState({
                component: null
            });
        }, this.props.time || this.props.seconds * 1000);
    }
    render() {
        return this.state.component;
    }
}
  </code>
</pre>
`;

exports[`SyntaxHighlighter should just render text if syntax is not registered 1`] = `
<pre
  style={
    {
      "MozHyphens": "none",
      "MozTabSize": "4",
      "OTabSize": "4",
      "WebkitHyphens": "none",
      "background": "#f5f2f0",
      "color": "black",
      "fontFamily": "Consolas, Monaco, 'Andale Mono', 'Ubuntu Mono', monospace",
      "fontSize": "1em",
      "hyphens": "none",
      "lineHeight": "1.5",
      "margin": ".5em 0",
      "msHyphens": "none",
      "overflow": "auto",
      "padding": "1em",
      "tabSize": "4",
      "textAlign": "left",
      "textShadow": "0 1px white",
      "whiteSpace": "pre",
      "wordBreak": "normal",
      "wordSpacing": "normal",
      "wordWrap": "normal",
    }
  }
>
  <code
    className="language-text"
    style={
      {
        "MozHyphens": "none",
        "MozTabSize": "4",
        "OTabSize": "4",
        "WebkitHyphens": "none",
        "background": "none",
        "color": "black",
        "fontFamily": "Consolas, Monaco, 'Andale Mono', 'Ubuntu Mono', monospace",
        "fontSize": "1em",
        "hyphens": "none",
        "lineHeight": "1.5",
        "msHyphens": "none",
        "tabSize": "4",
        "textAlign": "left",
        "textShadow": "0 1px white",
        "whiteSpace": "pre",
        "wordBreak": "normal",
        "wordSpacing": "normal",
        "wordWrap": "normal",
      }
    }
  >
    print('hello')
  </code>
</pre>
`;

exports[`When the code split is loaded - SyntaxHighlighter renders python highlighted text after async loading python 1`] = `
<pre
  style={
    {
      "MozHyphens": "none",
      "MozTabSize": "4",
      "OTabSize": "4",
      "WebkitHyphens": "none",
      "background": "#f5f2f0",
      "color": "black",
      "fontFamily": "Consolas, Monaco, 'Andale Mono', 'Ubuntu Mono', monospace",
      "fontSize": "1em",
      "hyphens": "none",
      "lineHeight": "1.5",
      "margin": ".5em 0",
      "msHyphens": "none",
      "overflow": "auto",
      "padding": "1em",
      "tabSize": "4",
      "textAlign": "left",
      "textShadow": "0 1px white",
      "whiteSpace": "pre",
      "wordBreak": "normal",
      "wordSpacing": "normal",
      "wordWrap": "normal",
    }
  }
>
  <code
    className="language-python"
    style={
      {
        "MozHyphens": "none",
        "MozTabSize": "4",
        "OTabSize": "4",
        "WebkitHyphens": "none",
        "background": "none",
        "color": "black",
        "fontFamily": "Consolas, Monaco, 'Andale Mono', 'Ubuntu Mono', monospace",
        "fontSize": "1em",
        "hyphens": "none",
        "lineHeight": "1.5",
        "msHyphens": "none",
        "tabSize": "4",
        "textAlign": "left",
        "textShadow": "0 1px white",
        "whiteSpace": "pre",
        "wordBreak": "normal",
        "wordSpacing": "normal",
        "wordWrap": "normal",
      }
    }
  >
    <span
      style={{}}
    >
      

    </span>
                 # Import the modules

    import sys

    import random

    

    ans = True

    

    while ans:

        question = raw_input("Ask the magic 8 ball a question: (press enter to quit) ")

    

        answers = random.randint(1,8)

    

        if question == "":

            sys.exit()

    

        elif answers == 1:

            print "It is certain"

    

        elif answers == 2:

            print "Outlook good"

    

        elif answers == 3:

            print "You may rely on it"

    

        elif answers == 4:

            print "Ask again later"

    

        elif answers == 5:

            print "Concentrate and ask again"

    

        elif answers == 6:

            print "Reply hazy, try again"

    

        elif answers == 7:

            print "My reply is no"

    

        elif answers == 8:

            print "My sources say no"

                 
  </code>
</pre>
`;
