// Jest Snapshot v1, https://goo.gl/fbAQLP

exports[`SyntaxHighlighter renders jsx highlighted text 1`] = `
<pre
  style={
    {
      "MozHyphens": "none",
      "MozTabSize": "4",
      "OTabSize": "4",
      "WebkitHyphens": "none",
      "background": "#f5f2f0",
      "color": "black",
      "fontFamily": "Consolas, Monaco, 'Andale Mono', 'Ubuntu Mono', monospace",
      "fontSize": "1em",
      "hyphens": "none",
      "lineHeight": "1.5",
      "margin": ".5em 0",
      "msHyphens": "none",
      "overflow": "auto",
      "padding": "1em",
      "tabSize": "4",
      "textAlign": "left",
      "textShadow": "0 1px white",
      "whiteSpace": "pre",
      "wordBreak": "normal",
      "wordSpacing": "normal",
      "wordWrap": "normal",
    }
  }
>
  <code
    className="language-jsx"
    style={
      {
        "MozHyphens": "none",
        "MozTabSize": "4",
        "OTabSize": "4",
        "WebkitHyphens": "none",
        "background": "none",
        "color": "black",
        "fontFamily": "Consolas, Monaco, 'Andale Mono', 'Ubuntu Mono', monospace",
        "fontSize": "1em",
        "hyphens": "none",
        "lineHeight": "1.5",
        "msHyphens": "none",
        "tabSize": "4",
        "textAlign": "left",
        "textShadow": "0 1px white",
        "whiteSpace": "pre",
        "wordBreak": "normal",
        "wordSpacing": "normal",
        "wordWrap": "normal",
      }
    }
  >
    import React from "react";
import uniquePropHOC from "./lib/unique-prop-hoc";

class Expire extends React.Component {
    constructor(props) {
        super(props);
        this.state = { component: props.children }
    }
    componentDidMount() {
        setTimeout(() =&gt; {
            this.setState({
                component: null
            });
        }, this.props.time || this.props.seconds * 1000);
    }
    render() {
        return this.state.component;
    }
}
  </code>
</pre>
`;

exports[`SyntaxHighlighter should just render text if syntax is not registered 1`] = `
<pre
  style={
    {
      "MozHyphens": "none",
      "MozTabSize": "4",
      "OTabSize": "4",
      "WebkitHyphens": "none",
      "background": "#f5f2f0",
      "color": "black",
      "fontFamily": "Consolas, Monaco, 'Andale Mono', 'Ubuntu Mono', monospace",
      "fontSize": "1em",
      "hyphens": "none",
      "lineHeight": "1.5",
      "margin": ".5em 0",
      "msHyphens": "none",
      "overflow": "auto",
      "padding": "1em",
      "tabSize": "4",
      "textAlign": "left",
      "textShadow": "0 1px white",
      "whiteSpace": "pre",
      "wordBreak": "normal",
      "wordSpacing": "normal",
      "wordWrap": "normal",
    }
  }
>
  <code
    className="language-python"
    style={
      {
        "MozHyphens": "none",
        "MozTabSize": "4",
        "OTabSize": "4",
        "WebkitHyphens": "none",
        "background": "none",
        "color": "black",
        "fontFamily": "Consolas, Monaco, 'Andale Mono', 'Ubuntu Mono', monospace",
        "fontSize": "1em",
        "hyphens": "none",
        "lineHeight": "1.5",
        "msHyphens": "none",
        "tabSize": "4",
        "textAlign": "left",
        "textShadow": "0 1px white",
        "whiteSpace": "pre",
        "wordBreak": "normal",
        "wordSpacing": "normal",
        "wordWrap": "normal",
      }
    }
  >
    <span
      className="token"
      style={
        {
          "color": "#07a",
        }
      }
    >
      print
    </span>
    <span
      className="token"
      style={
        {
          "color": "#999",
        }
      }
    >
      (
    </span>
    <span
      className="token"
      style={
        {
          "color": "#690",
        }
      }
    >
      'hello'
    </span>
    <span
      className="token"
      style={
        {
          "color": "#999",
        }
      }
    >
      )
    </span>
  </code>
</pre>
`;

exports[`When the code split is loaded - SyntaxHighlighter renders jsx highlighted text 1`] = `
<pre
  style={
    {
      "MozHyphens": "none",
      "MozTabSize": "4",
      "OTabSize": "4",
      "WebkitHyphens": "none",
      "background": "#f5f2f0",
      "color": "black",
      "fontFamily": "Consolas, Monaco, 'Andale Mono', 'Ubuntu Mono', monospace",
      "fontSize": "1em",
      "hyphens": "none",
      "lineHeight": "1.5",
      "margin": ".5em 0",
      "msHyphens": "none",
      "overflow": "auto",
      "padding": "1em",
      "tabSize": "4",
      "textAlign": "left",
      "textShadow": "0 1px white",
      "whiteSpace": "pre",
      "wordBreak": "normal",
      "wordSpacing": "normal",
      "wordWrap": "normal",
    }
  }
>
  <code
    className="language-jsx"
    style={
      {
        "MozHyphens": "none",
        "MozTabSize": "4",
        "OTabSize": "4",
        "WebkitHyphens": "none",
        "background": "none",
        "color": "black",
        "fontFamily": "Consolas, Monaco, 'Andale Mono', 'Ubuntu Mono', monospace",
        "fontSize": "1em",
        "hyphens": "none",
        "lineHeight": "1.5",
        "msHyphens": "none",
        "tabSize": "4",
        "textAlign": "left",
        "textShadow": "0 1px white",
        "whiteSpace": "pre",
        "wordBreak": "normal",
        "wordSpacing": "normal",
        "wordWrap": "normal",
      }
    }
  >
    <span
      style={{}}
    >
      import React from "react";

    </span>
      import uniquePropHOC from "./lib/unique-prop-hoc";

    

      class Expire extends React.Component {

          constructor(props) {

              super(props);

              this.state = { component: props.children }

          }

          componentDidMount() {

              setTimeout(() =&gt; {

                  this.setState({

                      component: null

                  });

              }, this.props.time || this.props.seconds * 1000);

          }

          render() {

              return this.state.component;

          }

      }
  </code>
</pre>
`;
