// Jest Snapshot v1, https://goo.gl/fbAQLP

exports[`SyntaxHighlighter renders childre unadultered when no language disocvered in highlight auto 1`] = `
<pre
  style={
    {
      "backgroundColor": "#fff",
    }
  }
>
  <code
    style={
      {
        "whiteSpace": "pre",
      }
    }
  />
</pre>
`;
